// Jest Snapshot v1, https://goo.gl/fbAQLP

exports[`ProductElement It should match snapshot 1`] = `
ShallowWrapper {
  "length": 1,
  Symbol(enzyme.__root__): [Circular],
  Symbol(enzyme.__unrendered__): <ProductElement
    DiscountPrice={null}
    Price={4600}
    ProductId={123}
    ProductName="Warehouse Side Split Roll Neck Jumper"
    SplashImgUrl="./static/media/prod1-img1.jpg"
  />,
  Symbol(enzyme.__renderer__): Object {
    "batchedUpdates": [Function],
    "getNode": [Function],
    "render": [Function],
    "simulateEvent": [Function],
    "unmount": [Function],
  },
  Symbol(enzyme.__node__): Object {
    "instance": null,
    "key": undefined,
    "nodeType": "host",
    "props": Object {
      "children": Array [
        <div
          className="imageCard"
        >
          <Link
            id="productImageId-123"
            onClick={[Function]}
            replace={false}
            to="products/123"
          >
            <img
              alt="Warehouse Side Split Roll Neck Jumper"
              src="./static/media/prod1-img1.jpg"
            />
          </Link>
        </div>,
        <Link
          className="divLink"
          id="productNameId-123"
          onClick={[Function]}
          replace={false}
          to="products/123"
        >
          <div
            className="productLabelContainer"
          >
            <div
              className="centeringContainer"
            >
              <div
                className="productLabel"
              >
                Warehouse Side Split Roll Neck Jumper
              </div>
              <div
                className="productPrice"
              >
                £
                46.00
              </div>
            </div>
          </div>
        </Link>,
      ],
      "className": "ProductElement",
    },
    "ref": null,
    "rendered": Array [
      Object {
        "instance": null,
        "key": undefined,
        "nodeType": "host",
        "props": Object {
          "children": <Link
            id="productImageId-123"
            onClick={[Function]}
            replace={false}
            to="products/123"
          >
            <img
              alt="Warehouse Side Split Roll Neck Jumper"
              src="./static/media/prod1-img1.jpg"
            />
          </Link>,
          "className": "imageCard",
        },
        "ref": null,
        "rendered": Object {
          "instance": null,
          "key": undefined,
          "nodeType": "class",
          "props": Object {
            "children": <img
              alt="Warehouse Side Split Roll Neck Jumper"
              src="./static/media/prod1-img1.jpg"
            />,
            "id": "productImageId-123",
            "onClick": [Function],
            "replace": false,
            "to": "products/123",
          },
          "ref": null,
          "rendered": Object {
            "instance": null,
            "key": undefined,
            "nodeType": "host",
            "props": Object {
              "alt": "Warehouse Side Split Roll Neck Jumper",
              "src": "./static/media/prod1-img1.jpg",
            },
            "ref": null,
            "rendered": null,
            "type": "img",
          },
          "type": [Function],
        },
        "type": "div",
      },
      Object {
        "instance": null,
        "key": undefined,
        "nodeType": "class",
        "props": Object {
          "children": <div
            className="productLabelContainer"
          >
            <div
              className="centeringContainer"
            >
              <div
                className="productLabel"
              >
                Warehouse Side Split Roll Neck Jumper
              </div>
              <div
                className="productPrice"
              >
                £
                46.00
              </div>
            </div>
          </div>,
          "className": "divLink",
          "id": "productNameId-123",
          "onClick": [Function],
          "replace": false,
          "to": "products/123",
        },
        "ref": null,
        "rendered": Object {
          "instance": null,
          "key": undefined,
          "nodeType": "host",
          "props": Object {
            "children": <div
              className="centeringContainer"
            >
              <div
                className="productLabel"
              >
                Warehouse Side Split Roll Neck Jumper
              </div>
              <div
                className="productPrice"
              >
                £
                46.00
              </div>
            </div>,
            "className": "productLabelContainer",
          },
          "ref": null,
          "rendered": Object {
            "instance": null,
            "key": undefined,
            "nodeType": "host",
            "props": Object {
              "children": Array [
                <div
                  className="productLabel"
                >
                  Warehouse Side Split Roll Neck Jumper
                </div>,
                <div
                  className="productPrice"
                >
                  £
                  46.00
                </div>,
              ],
              "className": "centeringContainer",
            },
            "ref": null,
            "rendered": Array [
              Object {
                "instance": null,
                "key": undefined,
                "nodeType": "host",
                "props": Object {
                  "children": "Warehouse Side Split Roll Neck Jumper",
                  "className": "productLabel",
                },
                "ref": null,
                "rendered": "Warehouse Side Split Roll Neck Jumper",
                "type": "div",
              },
              Object {
                "instance": null,
                "key": undefined,
                "nodeType": "host",
                "props": Object {
                  "children": Array [
                    "£",
                    "46.00",
                  ],
                  "className": "productPrice",
                },
                "ref": null,
                "rendered": Array [
                  "£",
                  "46.00",
                ],
                "type": "div",
              },
            ],
            "type": "div",
          },
          "type": "div",
        },
        "type": [Function],
      },
    ],
    "type": "div",
  },
  Symbol(enzyme.__nodes__): Array [
    Object {
      "instance": null,
      "key": undefined,
      "nodeType": "host",
      "props": Object {
        "children": Array [
          <div
            className="imageCard"
          >
            <Link
              id="productImageId-123"
              onClick={[Function]}
              replace={false}
              to="products/123"
            >
              <img
                alt="Warehouse Side Split Roll Neck Jumper"
                src="./static/media/prod1-img1.jpg"
              />
            </Link>
          </div>,
          <Link
            className="divLink"
            id="productNameId-123"
            onClick={[Function]}
            replace={false}
            to="products/123"
          >
            <div
              className="productLabelContainer"
            >
              <div
                className="centeringContainer"
              >
                <div
                  className="productLabel"
                >
                  Warehouse Side Split Roll Neck Jumper
                </div>
                <div
                  className="productPrice"
                >
                  £
                  46.00
                </div>
              </div>
            </div>
          </Link>,
        ],
        "className": "ProductElement",
      },
      "ref": null,
      "rendered": Array [
        Object {
          "instance": null,
          "key": undefined,
          "nodeType": "host",
          "props": Object {
            "children": <Link
              id="productImageId-123"
              onClick={[Function]}
              replace={false}
              to="products/123"
            >
              <img
                alt="Warehouse Side Split Roll Neck Jumper"
                src="./static/media/prod1-img1.jpg"
              />
            </Link>,
            "className": "imageCard",
          },
          "ref": null,
          "rendered": Object {
            "instance": null,
            "key": undefined,
            "nodeType": "class",
            "props": Object {
              "children": <img
                alt="Warehouse Side Split Roll Neck Jumper"
                src="./static/media/prod1-img1.jpg"
              />,
              "id": "productImageId-123",
              "onClick": [Function],
              "replace": false,
              "to": "products/123",
            },
            "ref": null,
            "rendered": Object {
              "instance": null,
              "key": undefined,
              "nodeType": "host",
              "props": Object {
                "alt": "Warehouse Side Split Roll Neck Jumper",
                "src": "./static/media/prod1-img1.jpg",
              },
              "ref": null,
              "rendered": null,
              "type": "img",
            },
            "type": [Function],
          },
          "type": "div",
        },
        Object {
          "instance": null,
          "key": undefined,
          "nodeType": "class",
          "props": Object {
            "children": <div
              className="productLabelContainer"
            >
              <div
                className="centeringContainer"
              >
                <div
                  className="productLabel"
                >
                  Warehouse Side Split Roll Neck Jumper
                </div>
                <div
                  className="productPrice"
                >
                  £
                  46.00
                </div>
              </div>
            </div>,
            "className": "divLink",
            "id": "productNameId-123",
            "onClick": [Function],
            "replace": false,
            "to": "products/123",
          },
          "ref": null,
          "rendered": Object {
            "instance": null,
            "key": undefined,
            "nodeType": "host",
            "props": Object {
              "children": <div
                className="centeringContainer"
              >
                <div
                  className="productLabel"
                >
                  Warehouse Side Split Roll Neck Jumper
                </div>
                <div
                  className="productPrice"
                >
                  £
                  46.00
                </div>
              </div>,
              "className": "productLabelContainer",
            },
            "ref": null,
            "rendered": Object {
              "instance": null,
              "key": undefined,
              "nodeType": "host",
              "props": Object {
                "children": Array [
                  <div
                    className="productLabel"
                  >
                    Warehouse Side Split Roll Neck Jumper
                  </div>,
                  <div
                    className="productPrice"
                  >
                    £
                    46.00
                  </div>,
                ],
                "className": "centeringContainer",
              },
              "ref": null,
              "rendered": Array [
                Object {
                  "instance": null,
                  "key": undefined,
                  "nodeType": "host",
                  "props": Object {
                    "children": "Warehouse Side Split Roll Neck Jumper",
                    "className": "productLabel",
                  },
                  "ref": null,
                  "rendered": "Warehouse Side Split Roll Neck Jumper",
                  "type": "div",
                },
                Object {
                  "instance": null,
                  "key": undefined,
                  "nodeType": "host",
                  "props": Object {
                    "children": Array [
                      "£",
                      "46.00",
                    ],
                    "className": "productPrice",
                  },
                  "ref": null,
                  "rendered": Array [
                    "£",
                    "46.00",
                  ],
                  "type": "div",
                },
              ],
              "type": "div",
            },
            "type": "div",
          },
          "type": [Function],
        },
      ],
      "type": "div",
    },
  ],
  Symbol(enzyme.__options__): Object {
    "adapter": ReactFifteenAdapter {
      "options": Object {
        "supportPrevContextArgumentOfComponentDidUpdate": true,
      },
    },
  },
}
`;
