// Jest Snapshot v1, https://goo.gl/fbAQLP

exports[`should render a label 1`] = `
ShallowWrapper {
  "length": 1,
  Symbol(enzyme.__root__): [Circular],
  Symbol(enzyme.__unrendered__): <ProductPage />,
  Symbol(enzyme.__renderer__): Object {
    "batchedUpdates": [Function],
    "getNode": [Function],
    "render": [Function],
    "simulateEvent": [Function],
    "unmount": [Function],
  },
  Symbol(enzyme.__node__): Object {
    "instance": null,
    "key": null,
    "nodeType": "function",
    "props": Object {
      "cards": Array [
        Object {
          "price": "£46.00",
          "product_name": "Warehouse Side Split Roll Neck Jumper",
          "splash_img_url": "prod1-img1.jpg",
        },
        Object {
          "price": "£60.00",
          "product_name": "French Connection Checked Lined Harrington Jacket with Borg Collar",
          "splash_img_url": "prod2-img1.jpg",
        },
        Object {
          "price": "£50.00",
          "product_name": "Adidas Originals Trefoil Hoodie In Grey",
          "splash_img_url": "prod3-img1.jpg",
        },
        Object {
          "price": "£10.50",
          "product_name": "ASOS Body With Plunge Neck Long Sleeve And Thong",
          "splash_img_url": "prod4-img1.jpg",
        },
        Object {
          "price": "£420.00",
          "product_name": "All Saints Oversized Zip Biker Jacket in Leather",
          "splash_img_url": "prod5-img1.jpg",
        },
      ],
    },
    "ref": null,
    "rendered": null,
    "type": [Function],
  },
  Symbol(enzyme.__nodes__): Array [
    Object {
      "instance": null,
      "key": null,
      "nodeType": "function",
      "props": Object {
        "cards": Array [
          Object {
            "price": "£46.00",
            "product_name": "Warehouse Side Split Roll Neck Jumper",
            "splash_img_url": "prod1-img1.jpg",
          },
          Object {
            "price": "£60.00",
            "product_name": "French Connection Checked Lined Harrington Jacket with Borg Collar",
            "splash_img_url": "prod2-img1.jpg",
          },
          Object {
            "price": "£50.00",
            "product_name": "Adidas Originals Trefoil Hoodie In Grey",
            "splash_img_url": "prod3-img1.jpg",
          },
          Object {
            "price": "£10.50",
            "product_name": "ASOS Body With Plunge Neck Long Sleeve And Thong",
            "splash_img_url": "prod4-img1.jpg",
          },
          Object {
            "price": "£420.00",
            "product_name": "All Saints Oversized Zip Biker Jacket in Leather",
            "splash_img_url": "prod5-img1.jpg",
          },
        ],
      },
      "ref": null,
      "rendered": null,
      "type": [Function],
    },
  ],
  Symbol(enzyme.__options__): Object {
    "adapter": ReactFifteenAdapter {
      "options": Object {
        "supportPrevContextArgumentOfComponentDidUpdate": true,
      },
    },
  },
}
`;
