// Jest Snapshot v1, https://goo.gl/fbAQLP

exports[`ProductCard It should match snapshot 1`] = `
ShallowWrapper {
  "length": 1,
  Symbol(enzyme.__root__): [Circular],
  Symbol(enzyme.__unrendered__): <ProductCard />,
  Symbol(enzyme.__renderer__): Object {
    "batchedUpdates": [Function],
    "getNode": [Function],
    "render": [Function],
    "simulateEvent": [Function],
    "unmount": [Function],
  },
  Symbol(enzyme.__node__): Object {
    "instance": null,
    "key": null,
    "nodeType": "host",
    "props": Object {
      "children": Array [
        <img
          alt={undefined}
          src={undefined}
          width="150"
/>,
        <div>
          <div
                    className="productName"
                    style={
                              Object {
                                        "fontWeight": "bold",
                                      }
                    }
          />
          <div
                    className="productPrice"
          />
</div>,
      ],
      "className": "productCard",
      "style": Object {
        "margin": "1em",
      },
    },
    "ref": null,
    "rendered": Array [
      Object {
        "instance": null,
        "key": null,
        "nodeType": "host",
        "props": Object {
          "alt": undefined,
          "src": undefined,
          "width": "150",
        },
        "ref": null,
        "rendered": null,
        "type": "img",
      },
      Object {
        "instance": null,
        "key": null,
        "nodeType": "host",
        "props": Object {
          "children": Array [
            <div
              className="productName"
              style={
                            Object {
                                          "fontWeight": "bold",
                                        }
              }
/>,
            <div
              className="productPrice"
/>,
          ],
        },
        "ref": null,
        "rendered": Array [
          Object {
            "instance": null,
            "key": null,
            "nodeType": "host",
            "props": Object {
              "children": undefined,
              "className": "productName",
              "style": Object {
                "fontWeight": "bold",
              },
            },
            "ref": null,
            "rendered": null,
            "type": "div",
          },
          Object {
            "instance": null,
            "key": null,
            "nodeType": "host",
            "props": Object {
              "children": undefined,
              "className": "productPrice",
            },
            "ref": null,
            "rendered": null,
            "type": "div",
          },
        ],
        "type": "div",
      },
    ],
    "type": "div",
  },
  Symbol(enzyme.__nodes__): Array [
    Object {
      "instance": null,
      "key": null,
      "nodeType": "host",
      "props": Object {
        "children": Array [
          <img
            alt={undefined}
            src={undefined}
            width="150"
/>,
          <div>
            <div
                        className="productName"
                        style={
                                    Object {
                                                "fontWeight": "bold",
                                              }
                        }
            />
            <div
                        className="productPrice"
            />
</div>,
        ],
        "className": "productCard",
        "style": Object {
          "margin": "1em",
        },
      },
      "ref": null,
      "rendered": Array [
        Object {
          "instance": null,
          "key": null,
          "nodeType": "host",
          "props": Object {
            "alt": undefined,
            "src": undefined,
            "width": "150",
          },
          "ref": null,
          "rendered": null,
          "type": "img",
        },
        Object {
          "instance": null,
          "key": null,
          "nodeType": "host",
          "props": Object {
            "children": Array [
              <div
                className="productName"
                style={
                                Object {
                                                "fontWeight": "bold",
                                              }
                }
/>,
              <div
                className="productPrice"
/>,
            ],
          },
          "ref": null,
          "rendered": Array [
            Object {
              "instance": null,
              "key": null,
              "nodeType": "host",
              "props": Object {
                "children": undefined,
                "className": "productName",
                "style": Object {
                  "fontWeight": "bold",
                },
              },
              "ref": null,
              "rendered": null,
              "type": "div",
            },
            Object {
              "instance": null,
              "key": null,
              "nodeType": "host",
              "props": Object {
                "children": undefined,
                "className": "productPrice",
              },
              "ref": null,
              "rendered": null,
              "type": "div",
            },
          ],
          "type": "div",
        },
      ],
      "type": "div",
    },
  ],
  Symbol(enzyme.__options__): Object {
    "adapter": ReactFifteenAdapter {
      "options": Object {
        "supportPrevContextArgumentOfComponentDidUpdate": true,
      },
    },
  },
}
`;
